INFO  [px4] instance: 2

______  __   __    ___ 
| ___ \ \ \ / /   /   |
| |_/ /  \ V /   / /| |
|  __/   /   \  / /_| |
| |     / /^\ \ \___  |
\_|     \/   \/     |_/

px4 starting.

INFO  [px4] startup script: /bin/sh etc/init.d-posix/rcS 2
INFO  [init] found model autostart file as SYS_AUTOSTART=10015
INFO  [param] selected parameter default file parameters.bson
INFO  [param] importing from 'parameters.bson'
INFO  [parameters] BSON document size 412 bytes, decoded 412 bytes (INT32:16, FLOAT:5)
INFO  [param] selected parameter backup file parameters_backup.bson
ERROR [param] Parameter UXRCE_DDS_KEY not found.
ERROR [param] Parameter UXRCE_DDS_AG_IP not found.
INFO  [dataman] data manager file './dataman' size is 1208528 bytes
INFO  [init] PX4_SIM_HOSTNAME: localhost
INFO  [simulator_mavlink] Waiting for simulator to accept connection on TCP port 4562
INFO  [simulator_mavlink] Simulator connected on TCP port 4562.
INFO  [lockstep_scheduler] setting initial absolute time to 5836000 us
INFO  [commander] LED: open /dev/led0 failed (22)
WARN  [health_and_arming_checks] Preflight Fail: ekf2 missing data
WARN  [health_and_arming_checks] Preflight Fail: system power unavailable
ERROR [param] Parameter UXRCE_DDS_DOM_ID not found.
INFO  [mavlink] mode: Normal, data rate: 4000000 B/s on udp port 18572 remote port 14550
INFO  [mavlink] mode: Onboard, data rate: 4000000 B/s on udp port 14582 remote port 14542
INFO  [mavlink] mode: Onboard, data rate: 4000 B/s on udp port 14282 remote port 14032
INFO  [mavlink] mode: Gimbal, data rate: 400000 B/s on udp port 13032 remote port 13282
INFO  [logger] logger started (mode=all)
INFO  [logger] Start file log (type: full)
INFO  [logger] [logger] ./log/2025-11-19/10_04_23.ulg	
INFO  [logger] Opened full log file: ./log/2025-11-19/10_04_23.ulg
INFO  [mavlink] MAVLink only on localhost (set param MAV_{i}_BROADCAST = 1 to enable network)
INFO  [mavlink] MAVLink only on localhost (set param MAV_{i}_BROADCAST = 1 to enable network)
INFO  [px4] Startup script returned successfully
INFO  [tone_alarm] home set
INFO  [commander] [32mReady for takeoff![0m

PX4 Exiting...
Exiting NOW.
