Determining if the pthread_create exist failed with the following output:
Change Dir: /home/ros_workspace/PX4-Autopilot/build/px4_sitl_default/CMakeFiles/CMakeTmp

Run Build Command:"/usr/bin/ninja" "cmTC_e23c4"
[1/2] Building C object CMakeFiles/cmTC_e23c4.dir/CheckSymbolExists.c.o
[2/2] Linking C executable cmTC_e23c4
FAILED: cmTC_e23c4 
: && /usr/bin/cc   -fuse-ld=gold   -Wl,--export-dynamic -rdynamic CMakeFiles/cmTC_e23c4.dir/CheckSymbolExists.c.o  -o cmTC_e23c4   && :
CMakeFiles/cmTC_e23c4.dir/CheckSymbolExists.c.o:CheckSymbolExists.c:function main: error: undefined reference to 'pthread_create'
collect2: error: ld returned 1 exit status
ninja: build stopped: subcommand failed.

File /home/ros_workspace/PX4-Autopilot/build/px4_sitl_default/CMakeFiles/CMakeTmp/CheckSymbolExists.c:
/* */
#include <pthread.h>

int main(int argc, char** argv)
{
  (void)argv;
#ifndef pthread_create
  return ((int*)(&pthread_create))[argc];
#else
  (void)argc;
  return 0;
#endif
}

Determining if the function pthread_create exists in the pthreads failed with the following output:
Change Dir: /home/ros_workspace/PX4-Autopilot/build/px4_sitl_default/CMakeFiles/CMakeTmp

Run Build Command:"/usr/bin/ninja" "cmTC_da057"
[1/2] Building C object CMakeFiles/cmTC_da057.dir/CheckFunctionExists.c.o
[2/2] Linking C executable cmTC_da057
FAILED: cmTC_da057 
: && /usr/bin/cc -DCHECK_FUNCTION_EXISTS=pthread_create  -fuse-ld=gold   -Wl,--export-dynamic -rdynamic CMakeFiles/cmTC_da057.dir/CheckFunctionExists.c.o  -o cmTC_da057  -lpthreads && :
/usr/bin/ld.gold: error: cannot find -lpthreads
CMakeFiles/cmTC_da057.dir/CheckFunctionExists.c.o:CheckFunctionExists.c:function main: error: undefined reference to 'pthread_create'
collect2: error: ld returned 1 exit status
ninja: build stopped: subcommand failed.


